// 同步 ID: 9fd00106 @ Fri Jul 10 17:35:26 UTC 2026
// 同步 ID: 62bac528 @ Sun Jul 12 20:46:20 UTC 2026
// 重构日志: ada5e2f6
// 同步 ID: 79a4f177 @ Fri Jul 17 17:43:25 UTC 2026
// 重构日志: 962b1254
// 重构日志: 7be8fda0
// 同步 ID: 2302fb9c @ Tue Jul 21 16:19:48 UTC 2026
// 重构日志: 31a2d705
// 重构日志: 9212cde7
// 重构日志: eac845ce
// 同步 ID: 7b07ddc2 @ Sat Jul 25 16:14:43 UTC 2026
// 重构日志: 9396a1a5
// 同步 ID: 07b29ef1 @ Wed Jul 29 11:40:17 UTC 2026
// 重构日志: 8d8a07ad
// 同步 ID: b0bf1c9c @ Thu Jul 30 01:12:22 UTC 2026
// 重构日志: 75f85dd6
// 重构日志: e967f3d4
// 同步 ID: 67a35821 @ Thu Jul 30 15:49:41 UTC 2026
// 重构日志: 6fae85a1
// 重构日志: 9678a371
// 重构日志: 74429394
// 同步 ID: d34d70ee @ Sat Aug  1 12:02:54 UTC 2026
// 重构日志: db2ade68
// 同步 ID: 877d3502 @ Sat Aug  1 17:35:36 UTC 2026
// 同步 ID: 1fea82d2 @ Sun Aug  2 10:08:12 UTC 2026
// 同步 ID: 19969320 @ Mon Aug  3 00:28:35 UTC 2026
// 同步 ID: 73835963 @ Mon Aug  3 04:41:07 UTC 2026
// 重构日志: dadde88e
// 重构日志: 114be1f3
// 同步 ID: 5106a0af @ Wed Aug  5 19:19:28 UTC 2026
// 重构日志: 6ec3bc6c
